[baseline-browser-mapping] The data in this module is over two months old.  To ensure accurate Baseline data, please update: `npm i baseline-browser-mapping@latest -D`
(node:20816) [DEP0176] DeprecationWarning: fs.F_OK is deprecated, use fs.constants.F_OK instead
(Use `node --trace-deprecation ...` to show where the warning was created)
Creating an optimized production build...
Browserslist: browsers data (caniuse-lite) is 10 months old. Please run:
  npx update-browserslist-db@latest
  Why you should do it regularly: https://github.com/browserslist/update-db#readme
[baseline-browser-mapping] The data in this module is over two months old.  To ensure accurate Baseline data, please update: `npm i baseline-browser-mapping@latest -D`
Browserslist: browsers data (caniuse-lite) is 10 months old. Please run:
  npx update-browserslist-db@latest
  Why you should do it regularly: https://github.com/browserslist/update-db#readme
Compiled with warnings.

[eslint] 
src\components\Sidebar.js
  Line 52:7:   'getUniqueCounts' is assigned a value but never used  no-unused-vars
  Line 64:10:  'loading' is assigned a value but never used          no-unused-vars

src\components\Topbar.jsx
  Line 531:9:  'getCurrentTime' is assigned a value but never used  no-unused-vars

src\pages\Checklist.js
  Line 6:10:   'jsPDF' is defined but never used                                                                                  no-unused-vars
  Line 7:8:    'autoTable' is defined but never used                                                                              no-unused-vars
  Line 20:27:  'setLoadingDownload' is assigned a value but never used                                                            no-unused-vars
  Line 237:6:  React Hook useEffect has a missing dependency: 'loadEmployees'. Either include it or remove the dependency array   react-hooks/exhaustive-deps
  Line 241:6:  React Hook useEffect has a missing dependency: 'loadChecklists'. Either include it or remove the dependency array  react-hooks/exhaustive-deps

src\pages\Delegation.js
  Line 22:10:   'shiftDate' is assigned a value but never used                                                                                      no-unused-vars
  Line 23:10:   'loadingShiftBtn' is assigned a value but never used                                                                                no-unused-vars
  Line 28:10:   'deleteTaskId' is assigned a value but never used                                                                                   no-unused-vars
  Line 29:9:    'whatsappRef' is assigned a value but never used                                                                                    no-unused-vars
  Line 485:9:   'sendPendingDelegationWhatsApp' is assigned a value but never used                                                                  no-unused-vars
  Line 534:31:  Array.prototype.map() expects a return value from arrow function                                                                    array-callback-return
  Line 700:6:   React Hook useEffect has missing dependencies: 'loadAdmin' and 'loadEmployees'. Either include them or remove the dependency array  react-hooks/exhaustive-deps
  Line 706:6:   React Hook useEffect has a missing dependency: 'loadUserTasks'. Either include it or remove the dependency array                    react-hooks/exhaustive-deps
  Line 765:9:   'handleDone' is assigned a value but never used                                                                                     no-unused-vars
  Line 787:9:   'openShiftPicker' is assigned a value but never used                                                                                no-unused-vars
  Line 793:9:   'confirmShift' is assigned a value but never used                                                                                   no-unused-vars
  Line 906:9:   'deleteTask' is assigned a value but never used                                                                                     no-unused-vars

src\pages\HelpTickets.js
  Line 113:6:  React Hook useEffect has a missing dependency: 'handleTabSwitch'. Either include it or remove the dependency array                react-hooks/exhaustive-deps
  Line 120:6:  React Hook useEffect has missing dependencies: 'activeTab' and 'loadTickets'. Either include them or remove the dependency array  react-hooks/exhaustive-deps

src\pages\SupportTickets.js
  Line 23:10:  'employees' is assigned a value but never used                                                                                                                  no-unused-vars
  Line 38:10:  'updating' is assigned a value but never used                                                                                                                   no-unused-vars
  Line 108:6:  React Hook useEffect has missing dependencies: 'loadAllTickets', 'loadEmployees', and 'loadUserDepartment'. Either include them or remove the dependency array  react-hooks/exhaustive-deps
  Line 114:6:  React Hook useEffect has a missing dependency: 'loadCreatedTickets'. Either include it or remove the dependency array                                           react-hooks/exhaustive-deps
  Line 179:9:  'updateStatus' is assigned a value but never used                                                                                                               no-unused-vars
  Line 431:9:  'groupedAllForCount' is assigned a value but never used                                                                                                         no-unused-vars

Search for the keywords to learn more about each warning.
To ignore, add // eslint-disable-next-line to the line before.

File sizes after gzip:

  426.28 kB (+251 B)  build\static\js\main.95741ba1.js
  46.35 kB            build\static\js\239.f9a12955.chunk.js
  43.29 kB            build\static\js\455.015802bc.chunk.js
  10.48 kB (+35 B)    build\static\css\main.457f29e5.css
  9.64 kB             build\static\js\977.5798a634.chunk.js

The project was built assuming it is hosted at /.
You can control this with the homepage field in your package.json.

The build folder is ready to be deployed.
You may serve it with a static server:

  npm install -g serve
  serve -s build

Find out more about deployment here:

  https://cra.link/deployment

ADMIN_EXIT=0  
